<html><head><script src="https://challenges.cloudflare.com/turnstile/v0/api.js" async defer></script></head></html>
