<html><body><div class="cf-turnstile" data-sitekey="1x00000000000000000000AA" data-tabindex="1"></div></body></html>
