<html><body><div data-sitekey="1x00000000000000000000AA" class="cf-turnstile" data-expired-callback="testExpiredCallback"></div></body></html>
