<html><body><div class="cf-turnstile" data-sitekey="1x00000000000000000000AA"></div></body></html>
