<html><body><div class="cf-turnstile" data-sitekey="1x00000000000000000000AA" data-callback="testCallback"></div></body></html>
