<html><body><div class="cf-turnstile" data-sitekey="1x00000000000000000000AA" data-action="test-action"></div></body></html>
